// Jest Snapshot v1, https://goo.gl/fbAQLP

exports[`get built in types 1`] = `
Object {
  "Array": Array [
    "1023 = _abstime<abstime>",
    "1034 = _aclitem<aclitem>",
    "1561 = _bit<bit>",
    "1000 = _bool<bool>",
    "1020 = _box<box>",
    "1014 = _bpchar<bpchar>",
    "1001 = _bytea<bytea>",
    "1002 = _char<char>",
    "1012 = _cid<cid>",
    "651 = _cidr<cidr>",
    "719 = _circle<circle>",
    "1263 = _cstring<cstring>",
    "1182 = _date<date>",
    "3913 = _daterange<daterange>",
    "1021 = _float4<float4>",
    "1022 = _float8<float8>",
    "3644 = _gtsvector<gtsvector>",
    "1041 = _inet<inet>",
    "1005 = _int2<int2>",
    "1006 = _int2vector<int2vector>",
    "1007 = _int4<int4>",
    "3905 = _int4range<int4range>",
    "1016 = _int8<int8>",
    "3927 = _int8range<int8range>",
    "1187 = _interval<interval>",
    "199 = _json<json>",
    "3807 = _jsonb<jsonb>",
    "629 = _line<line>",
    "1018 = _lseg<lseg>",
    "1040 = _macaddr<macaddr>",
    "775 = _macaddr8<macaddr8>",
    "791 = _money<money>",
    "1003 = _name<name>",
    "1231 = _numeric<numeric>",
    "3907 = _numrange<numrange>",
    "1028 = _oid<oid>",
    "1013 = _oidvector<oidvector>",
    "1019 = _path<path>",
    "3221 = _pg_lsn<pg_lsn>",
    "1017 = _point<point>",
    "1027 = _polygon<polygon>",
    "2201 = _refcursor<refcursor>",
    "2210 = _regclass<regclass>",
    "3735 = _regconfig<regconfig>",
    "3770 = _regdictionary<regdictionary>",
    "4090 = _regnamespace<regnamespace>",
    "2208 = _regoper<regoper>",
    "2209 = _regoperator<regoperator>",
    "1008 = _regproc<regproc>",
    "2207 = _regprocedure<regprocedure>",
    "4097 = _regrole<regrole>",
    "2211 = _regtype<regtype>",
    "1024 = _reltime<reltime>",
    "1009 = _text<text>",
    "1010 = _tid<tid>",
    "1183 = _time<time>",
    "1115 = _timestamp<timestamp>",
    "1185 = _timestamptz<timestamptz>",
    "1270 = _timetz<timetz>",
    "1025 = _tinterval<tinterval>",
    "3645 = _tsquery<tsquery>",
    "3909 = _tsrange<tsrange>",
    "3911 = _tstzrange<tstzrange>",
    "3643 = _tsvector<tsvector>",
    "2949 = _txid_snapshot<txid_snapshot>",
    "2951 = _uuid<uuid>",
    "1563 = _varbit<varbit>",
    "1015 = _varchar<varchar>",
    "1011 = _xid<xid>",
    "143 = _xml<xml>",
    "22 = int2vector<int2> // array of int2, used in system tables",
    "30 = oidvector<oid> // array of oids, used in system tables",
  ],
  "BitString": Array [
    "1560 = bit // fixed-length bit string",
    "1562 = varbit // variable-length bit string",
  ],
  "Boolean": Array [
    "16 = bool // boolean, 'true'/'false'",
  ],
  "Composite": Array [
    "11256 = pg_aggregate",
    "10130 = pg_am",
    "10131 = pg_amop",
    "10841 = pg_amproc",
    "10000 = pg_attrdef",
    "75 = pg_attribute",
    "2843 = pg_auth_members",
    "2842 = pg_authid",
    "11587 = pg_available_extension_versions",
    "11584 = pg_available_extensions",
    "11263 = pg_cast",
    "83 = pg_class",
    "11507 = pg_collation",
    "11618 = pg_config",
    "10001 = pg_constraint",
    "11485 = pg_conversion",
    "11581 = pg_cursors",
    "1248 = pg_database",
    "11487 = pg_db_role_setting",
    "11504 = pg_default_acl",
    "11486 = pg_depend",
    "11262 = pg_description",
    "11483 = pg_enum",
    "11261 = pg_event_trigger",
    "11497 = pg_extension",
    "11606 = pg_file_settings",
    "11498 = pg_foreign_data_wrapper",
    "11499 = pg_foreign_server",
    "11501 = pg_foreign_table",
    "11536 = pg_group",
    "11609 = pg_hba_file_rules",
    "10003 = pg_index",
    "11562 = pg_indexes",
    "10002 = pg_inherits",
    "11505 = pg_init_privs",
    "11253 = pg_language",
    "11255 = pg_largeobject",
    "11254 = pg_largeobject_metadata",
    "11578 = pg_locks",
    "11558 = pg_matviews",
    "11484 = pg_namespace",
    "10006 = pg_opclass",
    "10004 = pg_operator",
    "10005 = pg_opfamily",
    "11508 = pg_partitioned_table",
    "11489 = pg_pltemplate",
    "11542 = pg_policies",
    "11502 = pg_policy",
    "11594 = pg_prepared_statements",
    "11590 = pg_prepared_xacts",
    "81 = pg_proc",
    "11512 = pg_publication",
    "11513 = pg_publication_rel",
    "11574 = pg_publication_tables",
    "11509 = pg_range",
    "11503 = pg_replication_origin",
    "11732 = pg_replication_origin_status",
    "11700 = pg_replication_slots",
    "11259 = pg_rewrite",
    "11528 = pg_roles",
    "11546 = pg_rules",
    "11506 = pg_seclabel",
    "11597 = pg_seclabels",
    "11511 = pg_sequence",
    "11566 = pg_sequences",
    "11601 = pg_settings",
    "11532 = pg_shadow",
    "11490 = pg_shdepend",
    "11491 = pg_shdescription",
    "4066 = pg_shseclabel",
    "11683 = pg_stat_activity",
    "11653 = pg_stat_all_indexes",
    "11621 = pg_stat_all_tables",
    "11718 = pg_stat_archiver",
    "11721 = pg_stat_bgwriter",
    "11704 = pg_stat_database",
    "11707 = pg_stat_database_conflicts",
    "11724 = pg_stat_progress_vacuum",
    "11687 = pg_stat_replication",
    "11697 = pg_stat_ssl",
    "11694 = pg_stat_subscription",
    "11657 = pg_stat_sys_indexes",
    "11629 = pg_stat_sys_tables",
    "11710 = pg_stat_user_functions",
    "11660 = pg_stat_user_indexes",
    "11636 = pg_stat_user_tables",
    "11691 = pg_stat_wal_receiver",
    "11625 = pg_stat_xact_all_tables",
    "11633 = pg_stat_xact_sys_tables",
    "11714 = pg_stat_xact_user_functions",
    "11640 = pg_stat_xact_user_tables",
    "11663 = pg_statio_all_indexes",
    "11673 = pg_statio_all_sequences",
    "11643 = pg_statio_all_tables",
    "11667 = pg_statio_sys_indexes",
    "11677 = pg_statio_sys_sequences",
    "11647 = pg_statio_sys_tables",
    "11670 = pg_statio_user_indexes",
    "11680 = pg_statio_user_sequences",
    "11650 = pg_statio_user_tables",
    "11258 = pg_statistic",
    "11257 = pg_statistic_ext",
    "11570 = pg_stats",
    "6101 = pg_subscription",
    "11514 = pg_subscription_rel",
    "11554 = pg_tables",
    "11488 = pg_tablespace",
    "11612 = pg_timezone_abbrevs",
    "11615 = pg_timezone_names",
    "11510 = pg_transform",
    "11260 = pg_trigger",
    "11492 = pg_ts_config",
    "11493 = pg_ts_config_map",
    "11494 = pg_ts_dict",
    "11495 = pg_ts_parser",
    "11496 = pg_ts_template",
    "71 = pg_type",
    "11539 = pg_user",
    "11500 = pg_user_mapping",
    "11728 = pg_user_mappings",
    "11550 = pg_views",
  ],
  "DateTime": Array [
    "702 = abstime // absolute, limited-range date and time (Unix system time)",
    "1082 = date // date",
    "1083 = time // time of day",
    "1114 = timestamp // date and time",
    "1184 = timestamptz // date and time with time zone",
    "1266 = timetz // time of day with time zone",
  ],
  "Geometric": Array [
    "603 = box<point> // geometric box '(lower left,upper right)'",
    "718 = circle // geometric circle '(center,radius)'",
    "628 = line<float8> // geometric line",
    "601 = lseg<point> // geometric line segment '(pt1,pt2)'",
    "602 = path // geometric path '(pt1,...)'",
    "600 = point<float8> // geometric point '(x, y)'",
    "604 = polygon // geometric polygon '(pt1,...)'",
  ],
  "NetworkAddress": Array [
    "650 = cidr // network IP address/netmask, network address",
    "869 = inet // IP address/netmask, host address, netmask optional",
  ],
  "Numeric": Array [
    "700 = float4 // single-precision floating point number, 4-byte storage",
    "701 = float8 // double-precision floating point number, 8-byte storage",
    "21 = int2 // -32 thousand to 32 thousand, 2-byte storage",
    "23 = int4 // -2 billion to 2 billion integer, 4-byte storage",
    "20 = int8 // ~18 digit integer, 8-byte storage",
    "790 = money // monetary amounts, $d,ddd.cc",
    "1700 = numeric // numeric(precision, decimal), arbitrary precision number",
    "26 = oid // object identifier(oid), maximum 4 billion",
    "2205 = regclass // registered class",
    "3734 = regconfig // registered text search configuration",
    "3769 = regdictionary // registered text search dictionary",
    "4089 = regnamespace // registered namespace",
    "2203 = regoper // registered operator",
    "2204 = regoperator // registered operator (with args)",
    "24 = regproc // registered procedure",
    "2202 = regprocedure // registered procedure (with args)",
    "4096 = regrole // registered role",
    "2206 = regtype // registered type",
  ],
  "PseudoTypes": Array [
    "2287 = _record",
    "2276 = any",
    "2277 = anyarray",
    "2283 = anyelement",
    "3500 = anyenum",
    "2776 = anynonarray",
    "3831 = anyrange",
    "2275 = cstring",
    "3838 = event_trigger",
    "3115 = fdw_handler",
    "325 = index_am_handler",
    "2281 = internal",
    "2280 = language_handler",
    "2282 = opaque",
    "32 = pg_ddl_command // internal type for passing CollectedCommand",
    "2249 = record",
    "2279 = trigger",
    "3310 = tsm_handler",
    "2278 = void",
  ],
  "Range": Array [
    "3912 = daterange // range of dates",
    "3904 = int4range // range of integers",
    "3926 = int8range // range of bigints",
    "3906 = numrange // range of numerics",
    "3908 = tsrange // range of timestamps without time zone",
    "3910 = tstzrange // range of timestamps with time zone",
  ],
  "String": Array [
    "1042 = bpchar // char(length), blank-padded string, fixed storage length",
    "18 = char // single character",
    "19 = name<char> // 63-byte type for storing system identifiers",
    "3402 = pg_dependencies // multivariate dependencies",
    "3361 = pg_ndistinct // multivariate ndistinct coefficients",
    "194 = pg_node_tree // string representing an internal node tree",
    "25 = text // variable-length string, no limit specified",
    "1043 = varchar // varchar(length), non-blank-padded string, variable storage length",
  ],
  "Timespan": Array [
    "1186 = interval // @ <number> <units>, time interval",
    "703 = reltime // relative, limited-range time interval (Unix delta time)",
    "704 = tinterval // (abstime,abstime), time interval",
  ],
  "Unknown": Array [
    "705 = unknown",
  ],
  "UserDefined": Array [
    "1033 = aclitem // access control list",
    "17 = bytea // variable-length string, binary values escaped",
    "29 = cid // command identifier type, sequence in transaction id",
    "3642 = gtsvector // GiST index internal text representation for text search",
    "114 = json",
    "3802 = jsonb // Binary JSON",
    "829 = macaddr // XX:XX:XX:XX:XX:XX, MAC address",
    "774 = macaddr8 // XX:XX:XX:XX:XX:XX:XX:XX, MAC address",
    "3220 = pg_lsn // PostgreSQL LSN datatype",
    "1790 = refcursor // reference to cursor (portal name)",
    "210 = smgr // storage manager",
    "27 = tid // (block, offset), physical location of tuple",
    "3615 = tsquery // query representation for text search",
    "3614 = tsvector // text representation for text search",
    "2970 = txid_snapshot // txid snapshot",
    "2950 = uuid // UUID datatype",
    "28 = xid // transaction id",
    "142 = xml // XML content",
  ],
}
`;
