// Jest Snapshot v1, https://goo.gl/fbAQLP

exports[`get built in types 1`] = `
Object {
  "Array": Array [
    "1023 = _abstime<abstime>",
    "1034 = _aclitem<aclitem>",
    "1561 = _bit<bit>",
    "1000 = _bool<bool>",
    "1020 = _box<box>",
    "1014 = _bpchar<bpchar>",
    "1001 = _bytea<bytea>",
    "1002 = _char<char>",
    "1012 = _cid<cid>",
    "651 = _cidr<cidr>",
    "719 = _circle<circle>",
    "1263 = _cstring<cstring>",
    "1182 = _date<date>",
    "3913 = _daterange<daterange>",
    "1021 = _float4<float4>",
    "1022 = _float8<float8>",
    "3644 = _gtsvector<gtsvector>",
    "1041 = _inet<inet>",
    "1005 = _int2<int2>",
    "1006 = _int2vector<int2vector>",
    "1007 = _int4<int4>",
    "3905 = _int4range<int4range>",
    "1016 = _int8<int8>",
    "3927 = _int8range<int8range>",
    "1187 = _interval<interval>",
    "199 = _json<json>",
    "3807 = _jsonb<jsonb>",
    "4073 = _jsonpath<jsonpath>",
    "629 = _line<line>",
    "1018 = _lseg<lseg>",
    "1040 = _macaddr<macaddr>",
    "775 = _macaddr8<macaddr8>",
    "791 = _money<money>",
    "1003 = _name<name>",
    "1231 = _numeric<numeric>",
    "3907 = _numrange<numrange>",
    "1028 = _oid<oid>",
    "1013 = _oidvector<oidvector>",
    "1019 = _path<path>",
    "3221 = _pg_lsn<pg_lsn>",
    "5039 = _pg_snapshot<pg_snapshot>",
    "1017 = _point<point>",
    "1027 = _polygon<polygon>",
    "2201 = _refcursor<refcursor>",
    "2210 = _regclass<regclass>",
    "4192 = _regcollation<regcollation>",
    "3735 = _regconfig<regconfig>",
    "3770 = _regdictionary<regdictionary>",
    "4090 = _regnamespace<regnamespace>",
    "2208 = _regoper<regoper>",
    "2209 = _regoperator<regoperator>",
    "1008 = _regproc<regproc>",
    "2207 = _regprocedure<regprocedure>",
    "4097 = _regrole<regrole>",
    "2211 = _regtype<regtype>",
    "1024 = _reltime<reltime>",
    "1009 = _text<text>",
    "1010 = _tid<tid>",
    "1183 = _time<time>",
    "1115 = _timestamp<timestamp>",
    "1185 = _timestamptz<timestamptz>",
    "1270 = _timetz<timetz>",
    "1025 = _tinterval<tinterval>",
    "3645 = _tsquery<tsquery>",
    "3909 = _tsrange<tsrange>",
    "3911 = _tstzrange<tstzrange>",
    "3643 = _tsvector<tsvector>",
    "2949 = _txid_snapshot<txid_snapshot>",
    "2951 = _uuid<uuid>",
    "1563 = _varbit<varbit>",
    "1015 = _varchar<varchar>",
    "1011 = _xid<xid>",
    "271 = _xid8<xid8>",
    "143 = _xml<xml>",
    "22 = int2vector<int2>",
    "30 = oidvector<oid>",
  ],
  "BitString": Array [
    "1560 = bit",
    "1562 = varbit",
  ],
  "Boolean": Array [
    "16 = bool",
  ],
  "DateTime": Array [
    "702 = abstime",
    "1082 = date",
    "1083 = time",
    "1114 = timestamp",
    "1184 = timestamptz",
    "1266 = timetz",
  ],
  "Geometric": Array [
    "603 = box<point>",
    "718 = circle",
    "628 = line<float8>",
    "601 = lseg<point>",
    "602 = path",
    "600 = point<float8>",
    "604 = polygon",
  ],
  "NetworkAddress": Array [
    "650 = cidr",
    "869 = inet",
  ],
  "Numeric": Array [
    "700 = float4",
    "701 = float8",
    "21 = int2",
    "23 = int4",
    "20 = int8",
    "790 = money",
    "1700 = numeric",
    "26 = oid",
    "2205 = regclass",
    "4191 = regcollation",
    "3734 = regconfig",
    "3769 = regdictionary",
    "4089 = regnamespace",
    "2203 = regoper",
    "2204 = regoperator",
    "24 = regproc",
    "2202 = regprocedure",
    "4096 = regrole",
    "2206 = regtype",
  ],
  "PseudoTypes": Array [
    "2287 = _record",
    "2276 = any",
    "2277 = anyarray",
    "5077 = anycompatible",
    "5078 = anycompatiblearray",
    "5079 = anycompatiblenonarray",
    "5080 = anycompatiblerange",
    "2283 = anyelement",
    "3500 = anyenum",
    "2776 = anynonarray",
    "3831 = anyrange",
    "2275 = cstring",
    "3838 = event_trigger",
    "3115 = fdw_handler",
    "325 = index_am_handler",
    "2281 = internal",
    "2280 = language_handler",
    "2282 = opaque",
    "32 = pg_ddl_command",
    "2249 = record",
    "269 = table_am_handler",
    "2279 = trigger",
    "3310 = tsm_handler",
    "2278 = void",
  ],
  "Range": Array [
    "3912 = daterange",
    "3904 = int4range",
    "3926 = int8range",
    "3906 = numrange",
    "3908 = tsrange",
    "3910 = tstzrange",
  ],
  "String": Array [
    "1042 = bpchar",
    "18 = char",
    "19 = name<char>",
    "3402 = pg_dependencies",
    "5017 = pg_mcv_list",
    "3361 = pg_ndistinct",
    "194 = pg_node_tree",
    "25 = text",
    "1043 = varchar",
  ],
  "Timespan": Array [
    "1186 = interval",
    "703 = reltime",
    "704 = tinterval",
  ],
  "Unknown": Array [
    "705 = unknown",
  ],
  "UserDefined": Array [
    "1033 = aclitem",
    "17 = bytea",
    "29 = cid",
    "3642 = gtsvector",
    "114 = json",
    "3802 = jsonb",
    "4072 = jsonpath",
    "829 = macaddr",
    "774 = macaddr8",
    "3220 = pg_lsn",
    "5038 = pg_snapshot",
    "1790 = refcursor",
    "210 = smgr",
    "27 = tid",
    "3615 = tsquery",
    "3614 = tsvector",
    "2970 = txid_snapshot",
    "2950 = uuid",
    "28 = xid",
    "5069 = xid8",
    "142 = xml",
  ],
}
`;
